// Jest Snapshot v1, https://goo.gl/fbAQLP

exports[`a pagina de configuracao deve ser renderizada corretamente 1`] = `
<div>
  <div
    class="config"
  >
    <form>
      <input
        class="adicionaParticipante"
        placeholder="Insira os nomes dos participantes"
        value=""
      />
      <button
        class="addButton"
        disabled=""
      >
        Adicionar
      </button>
      
    </form>
    <ul
      class="participantes"
    />
    <footer
      class="footer"
    >
      <button
        class="iniciar"
        disabled=""
      >
        <svg
          fill="currentColor"
          height="40"
          stroke="currentColor"
          stroke-width="0"
          viewBox="0 0 512 512"
          width="40"
          xmlns="http://www.w3.org/2000/svg"
        >
          <path
            d="M371.7 238l-176-107c-15.8-8.8-35.7 2.5-35.7 21v208c0 18.4 19.8 29.8 35.7 21l176-101c16.4-9.1 16.4-32.8 0-42zM504 256C504 119 393 8 256 8S8 119 8 256s111 248 248 248 248-111 248-248zm-448 0c0-110.5 89.5-200 200-200s200 89.5 200 200-89.5 200-200 200S56 366.5 56 256z"
          />
        </svg>
        Iniciar Brincadeira
      </button>
      <img
        alt="sacolas"
        src="./imagens/sacolas.png"
      />
    </footer>
  </div>
</div>
`;
